../Core/Src/main.c:91:5:main	32	static
../Core/Src/main.c:180:6:SystemClock_Config	88	static
../Core/Src/main.c:228:13:MX_TIM2_Init	64	static
../Core/Src/main.c:287:13:MX_TIM6_Init	24	static
../Core/Src/main.c:325:13:MX_TIM15_Init	120	static
../Core/Src/main.c:401:13:MX_UART4_Init	8	static
../Core/Src/main.c:449:13:MX_USB_PCD_Init	8	static
../Core/Src/main.c:480:13:MX_DMA_Init	16	static
../Core/Src/main.c:505:13:MX_GPIO_Init	48	static
../Core/Src/main.c:546:6:HAL_TIM_PeriodElapsedCallback	16	static
../Core/Src/main.c:559:6:HAL_TIM_PWM_PulseFinishedCallback	16	static
../Core/Src/main.c:576:6:HAL_UARTEx_RxEventCallback	32	static
../Core/Src/main.c:629:6:Error_Handler	4	static,ignoring_inline_asm
